Script started on 2024-08-26 11:45:47+02:00 [TERM="xterm-256color" TTY="/dev/pts/27" COLUMNS="135" LINES="19"]
[?2004h[0;36maron[0;31m@DESKTOP-K02S42U [0;32m~/ws/propra/Benutzerkonten [0;37m11:45:47 [44m 500 [40m

$ sudo adduser user2 --disabled-password
[?2004l
[sudo] password for aron: 
Adding user `user2' ...
Adding new group `user2' (1004) ...
Adding new user `user2' (1004) with group `user2 (1004)' ...
Creating home directory `/home/user2' ...
Copying files from `/etc/skel' ...
Changing the user information for user2
Enter the new value, or press ENTER for the default
	Full Name []: 
	Room Number []: 
	Work Phone []: 
	Home Phone []: 
	Other []: 
Is the information correct? [Y/n] y
Adding new user `user2' to supplemental / extra groups `users' ...
Adding user `user2' to group `users' ...
[?2004h[0;36maron[0;31m@DESKTOP-K02S42U [0;32m~/ws/propra/Benutzerkonten [0;37m11:46:49 [44m 501 [40m

$ [7msudo passwd user1[27m
[C[Csudo passwd user1
[?2004l
New password: 
Retype new password: 
Sorry, passwords do not match.
passwd: Authentication token manipulation error
passwd: password unchanged
[?2004h[0;36maron[0;31m@DESKTOP-K02S42U [0;32m~/ws/propra/Benutzerkonten [0;37m11:57:41 [44m 502 [40m

$ [7msudo passwd user2[27m
[C[Csudo passwd user2
[?2004l
New password: 
Retype new password: 
passwd: password updated successfully
[?2004h[0;36maron[0;31m@DESKTOP-K02S42U [0;32m~/ws/propra/Benutzerkonten [0;37m11:58:03 [44m 503 [40m

$ sudo usermod -L user1
[?2004l
[?2004h[0;36maron[0;31m@DESKTOP-K02S42U [0;32m~/ws/propra/Benutzerkonten [0;37m12:07:50 [44m 504 [40m

$ sudo usermod -e 1970-01-01 user2
[?2004l
[?2004h[0;36maron[0;31m@DESKTOP-K02S42U [0;32m~/ws/propra/Benutzerkonten [0;37m12:08:21 [44m 505 [40m

$ sudo usermod -e 1970-01-01 user2
[C[C[C[C[C[C[C[C[C[C[C[C[C[C[C[C[11PL user1[K2
[?2004l
[?2004h[0;36maron[0;31m@DESKTOP-K02S42U [0;32m~/ws/propra/Benutzerkonten [0;37m12:08:27 [44m 506 [40m

$ sudo usermod -L user2[11@e 1970-01-01[C[C[C[C[C[C[K1
[?2004l
[?2004h[0;36maron[0;31m@DESKTOP-K02S42U [0;32m~/ws/propra/Benutzerkonten [0;37m12:08:40 [44m 507 [40m

$ sudo deluser --remove-home user1
[?2004l
Looking for files to backup/remove ...
Removing crontab ...
Removing user `user1' ...
Done.
[?2004h[0;36maron[0;31m@DESKTOP-K02S42U [0;32m~/ws/propra/Benutzerkonten [0;37m12:15:24 [44m 508 [40m

$ sudo deluser --remove-home user1[K2
[?2004l
Looking for files to backup/remove ...
Removing files ...
Removing crontab ...
Removing user `user2' ...
Done.
[?2004h[0;36maron[0;31m@DESKTOP-K02S42U [0;32m~/ws/propra/Benutzerkonten [0;37m12:15:33 [44m 509 [40m

$ exit
[?2004l
exit

Script done on 2024-08-26 12:15:38+02:00 [COMMAND_EXIT_CODE="0"]
